1776677271.8591425 [INFO] [launch]: All log files can be found below /home/wxl/ws_moveit2/.ros_log/2026-04-20-17-27-51-858411-wxl-Redmi-Book-16-2024-Gen12-CPU-71515
1776677271.8592582 [INFO] [launch]: Default logging verbosity is set to INFO
1776677272.4299517 [INFO] [static_transform_publisher-1]: process started with pid [71516]
1776677272.4301727 [INFO] [robot_state_publisher-2]: process started with pid [71518]
1776677272.4302835 [INFO] [move_group-3]: process started with pid [71520]
1776677272.4303565 [INFO] [ros2_control_node-4]: process started with pid [71522]
1776677272.4304130 [INFO] [spawner-5]: process started with pid [71524]
1776677272.4304647 [INFO] [spawner-6]: process started with pid [71526]
1776677272.4444730 [static_transform_publisher-1] [INFO] [1776677272.444183808] [static_transform_publisher0]: Spinning until stopped - publishing transform
1776677272.4446325 [static_transform_publisher-1] translation: ('0.000000', '0.000000', '0.000000')
1776677272.4446898 [static_transform_publisher-1] rotation: ('0.000000', '0.000000', '0.000000', '1.000000')
1776677272.4447293 [static_transform_publisher-1] from 'world' to 'chassis_base_link'
1776677272.4598775 [ros2_control_node-4] [WARN] [1776677272.459630106] [controller_manager]: [Deprecated] Passing the robot description parameter directly to the control_manager node is deprecated. Use '~/robot_description' topic from 'robot_state_publisher' instead.
1776677272.4602542 [ros2_control_node-4] [INFO] [1776677272.459848710] [resource_manager]: Loading hardware 'FakeSystem' 
1776677272.4605937 [ros2_control_node-4] [INFO] [1776677272.460486007] [resource_manager]: Initialize hardware 'FakeSystem' 
1776677272.4608197 [ros2_control_node-4] [INFO] [1776677272.460543503] [resource_manager]: Successful initialization of hardware 'FakeSystem'
1776677272.4608786 [ros2_control_node-4] [INFO] [1776677272.460590176] [resource_manager]: 'configure' hardware 'FakeSystem' 
1776677272.4609094 [ros2_control_node-4] [INFO] [1776677272.460597822] [resource_manager]: Successful 'configure' of hardware 'FakeSystem'
1776677272.4609416 [ros2_control_node-4] [INFO] [1776677272.460603514] [resource_manager]: 'activate' hardware 'FakeSystem' 
1776677272.4609768 [ros2_control_node-4] [INFO] [1776677272.460608697] [resource_manager]: Successful 'activate' of hardware 'FakeSystem'
1776677272.4648025 [ros2_control_node-4] [INFO] [1776677272.464075948] [controller_manager]: update rate is 100 Hz
1776677272.4651675 [ros2_control_node-4] [INFO] [1776677272.464106688] [controller_manager]: Spawning controller_manager RT thread with scheduler priority: 50
1776677272.4652555 [ros2_control_node-4] [WARN] [1776677272.464211313] [controller_manager]: Could not enable FIFO RT scheduling policy: with error number <1>(Operation not permitted). See [https://control.ros.org/master/doc/ros2_control/controller_manager/doc/userdoc.html] for details on how to enable realtime scheduling.
1776677272.6680031 [ros2_control_node-4] [INFO] [1776677272.667748451] [controller_manager]: Loading controller 'trunk_group_controller'
1776677272.6781864 [ros2_control_node-4] [WARN] [1776677272.677862396] [trunk_group_controller]: [Deprecated]: "allow_nonzero_velocity_at_trajectory_end" is set to true. The default behavior will change to false.
1776677272.6862221 [ros2_control_node-4] [INFO] [1776677272.686017417] [controller_manager]: Loading controller 'joint_state_broadcaster'
1776677272.6966286 [ros2_control_node-4] [INFO] [1776677272.696408528] [controller_manager]: Configuring controller 'trunk_group_controller'
1776677272.6970246 [ros2_control_node-4] [INFO] [1776677272.696615542] [trunk_group_controller]: No specific joint names are used for command interfaces. Using 'joints' parameter.
1776677272.6971395 [ros2_control_node-4] [INFO] [1776677272.696641194] [trunk_group_controller]: Command interfaces are [position] and state interfaces are [position velocity].
1776677272.6972229 [ros2_control_node-4] [INFO] [1776677272.696664395] [trunk_group_controller]: Using 'splines' interpolation method.
1776677272.6978791 [ros2_control_node-4] [INFO] [1776677272.697757495] [trunk_group_controller]: Controller state will be published at 50.00 Hz.
1776677272.7004220 [ros2_control_node-4] [INFO] [1776677272.700184574] [trunk_group_controller]: Action status changes will be monitored at 20.00 Hz.
1776677272.7247875 [ros2_control_node-4] [INFO] [1776677272.724513159] [controller_manager]: Configuring controller 'joint_state_broadcaster'
1776677272.7249563 [ros2_control_node-4] [INFO] [1776677272.724589730] [joint_state_broadcaster]: 'joints' or 'interfaces' parameter is empty. All available state interfaces will be published
1776677272.8563919 [INFO] [spawner-5]: process has finished cleanly [pid 71524]
1776677272.8847034 [INFO] [spawner-6]: process has finished cleanly [pid 71526]
1776677274.4548962 [INFO] [two_stage_planner_service-7]: process started with pid [71614]
