[WARN] [1776677488.853359994] [controller_manager]: [Deprecated] Passing the robot description parameter directly to the control_manager node is deprecated. Use '~/robot_description' topic from 'robot_state_publisher' instead.
[INFO] [1776677488.853518289] [resource_manager]: Loading hardware 'FakeSystem' 
[INFO] [1776677488.853854115] [resource_manager]: Initialize hardware 'FakeSystem' 
[INFO] [1776677488.853882306] [resource_manager]: Successful initialization of hardware 'FakeSystem'
[INFO] [1776677488.853918248] [resource_manager]: 'configure' hardware 'FakeSystem' 
[INFO] [1776677488.853925345] [resource_manager]: Successful 'configure' of hardware 'FakeSystem'
[INFO] [1776677488.853930984] [resource_manager]: 'activate' hardware 'FakeSystem' 
[INFO] [1776677488.853935586] [resource_manager]: Successful 'activate' of hardware 'FakeSystem'
[INFO] [1776677488.856435760] [controller_manager]: update rate is 100 Hz
[INFO] [1776677488.856466103] [controller_manager]: Spawning controller_manager RT thread with scheduler priority: 50
[WARN] [1776677488.856535907] [controller_manager]: Could not enable FIFO RT scheduling policy: with error number <1>(Operation not permitted). See [https://control.ros.org/master/doc/ros2_control/controller_manager/doc/userdoc.html] for details on how to enable realtime scheduling.
[INFO] [1776677489.031592500] [controller_manager]: Loading controller 'trunk_group_controller'
[WARN] [1776677489.038338616] [trunk_group_controller]: [Deprecated]: "allow_nonzero_velocity_at_trajectory_end" is set to true. The default behavior will change to false.
[INFO] [1776677489.047722873] [controller_manager]: Loading controller 'joint_state_broadcaster'
[INFO] [1776677489.058807372] [controller_manager]: Configuring controller 'trunk_group_controller'
[INFO] [1776677489.058964914] [trunk_group_controller]: No specific joint names are used for command interfaces. Using 'joints' parameter.
[INFO] [1776677489.058989094] [trunk_group_controller]: Command interfaces are [position] and state interfaces are [position velocity].
[INFO] [1776677489.059010268] [trunk_group_controller]: Using 'splines' interpolation method.
[INFO] [1776677489.060044079] [trunk_group_controller]: Controller state will be published at 50.00 Hz.
[INFO] [1776677489.061866702] [trunk_group_controller]: Action status changes will be monitored at 20.00 Hz.
[INFO] [1776677489.087105620] [controller_manager]: Configuring controller 'joint_state_broadcaster'
[INFO] [1776677489.087175041] [joint_state_broadcaster]: 'joints' or 'interfaces' parameter is empty. All available state interfaces will be published
