[WARN] [1776677272.459630106] [controller_manager]: [Deprecated] Passing the robot description parameter directly to the control_manager node is deprecated. Use '~/robot_description' topic from 'robot_state_publisher' instead.
[INFO] [1776677272.459848710] [resource_manager]: Loading hardware 'FakeSystem' 
[INFO] [1776677272.460486007] [resource_manager]: Initialize hardware 'FakeSystem' 
[INFO] [1776677272.460543503] [resource_manager]: Successful initialization of hardware 'FakeSystem'
[INFO] [1776677272.460590176] [resource_manager]: 'configure' hardware 'FakeSystem' 
[INFO] [1776677272.460597822] [resource_manager]: Successful 'configure' of hardware 'FakeSystem'
[INFO] [1776677272.460603514] [resource_manager]: 'activate' hardware 'FakeSystem' 
[INFO] [1776677272.460608697] [resource_manager]: Successful 'activate' of hardware 'FakeSystem'
[INFO] [1776677272.464075948] [controller_manager]: update rate is 100 Hz
[INFO] [1776677272.464106688] [controller_manager]: Spawning controller_manager RT thread with scheduler priority: 50
[WARN] [1776677272.464211313] [controller_manager]: Could not enable FIFO RT scheduling policy: with error number <1>(Operation not permitted). See [https://control.ros.org/master/doc/ros2_control/controller_manager/doc/userdoc.html] for details on how to enable realtime scheduling.
[INFO] [1776677272.667748451] [controller_manager]: Loading controller 'trunk_group_controller'
[WARN] [1776677272.677862396] [trunk_group_controller]: [Deprecated]: "allow_nonzero_velocity_at_trajectory_end" is set to true. The default behavior will change to false.
[INFO] [1776677272.686017417] [controller_manager]: Loading controller 'joint_state_broadcaster'
[INFO] [1776677272.696408528] [controller_manager]: Configuring controller 'trunk_group_controller'
[INFO] [1776677272.696615542] [trunk_group_controller]: No specific joint names are used for command interfaces. Using 'joints' parameter.
[INFO] [1776677272.696641194] [trunk_group_controller]: Command interfaces are [position] and state interfaces are [position velocity].
[INFO] [1776677272.696664395] [trunk_group_controller]: Using 'splines' interpolation method.
[INFO] [1776677272.697757495] [trunk_group_controller]: Controller state will be published at 50.00 Hz.
[INFO] [1776677272.700184574] [trunk_group_controller]: Action status changes will be monitored at 20.00 Hz.
[INFO] [1776677272.724513159] [controller_manager]: Configuring controller 'joint_state_broadcaster'
[INFO] [1776677272.724589730] [joint_state_broadcaster]: 'joints' or 'interfaces' parameter is empty. All available state interfaces will be published
